The file ../files/book_mixed.xml is valid wrt ../files/book_mixed.xsd
