The file ../files/order_no_attribute.xml is not valid wrt ../files/order_attribute.xsd
