The file ../files/personnesTypeDecimalGood.xml is valid wrt ../files/personnesTypeDecimal.xsd