The file ../files/personnesTypeIntGood.xml is valid wrt ../files/personnesTypeInt.xsd
