The file ../files/personnesTypeIntBad.xml is not valid wrt ../files/personnesTypeInt.xsd