The file ../files/personnes5.xml is not valid wrt ../files/personnes.xsd
