The file ../files/personnes6.xml is valid wrt ../files/personnes3.xsd
