The file ../files/book_bad.xml is not valid wrt ../files/book.xsd