The file ../files/order_attribute.xml is valid wrt ../files/order_attribute.xsd