The file ../files/personnesTypeDecimalBad.xml is not valid wrt ../files/personnesTypeDecimal.xsd
