The file ../files/book_good.xml is valid wrt ../files/book.xsd
