The file ../files/personnes4.xml is not valid wrt ../files/personnes2.xsd
